// Jest Snapshot v1, https://goo.gl/fbAQLP

exports[`should render EditExpensePage correctly 1`] = `
<div>
  <div
    className="page-header"
  >
    <div
      className="content-container"
    >
      <h1
        className="page-header__title"
      >
        Edit Expense
      </h1>
    </div>
  </div>
  <div
    className="content-container"
  >
    <ExpenseForm
      expense={
        Object {
          "amount": 300,
          "createdAt": -345600000,
          "description": "Coffee",
          "id": "2",
          "note": "",
        }
      }
      onSubmit={[Function]}
    />
    <button
      className="button button--secondary"
      onClick={[Function]}
    >
       Remove
    </button>
  </div>
  <Modal
    appElement={null}
    ariaHideApp={true}
    bodyOpenClassName="ReactModal__Body--open"
    className="modal"
    closeTimeoutMS={200}
    contentLabel="Remove Expense"
    isOpen={false}
    onRequestClose={[Function]}
    parentSelector={[Function]}
    portalClassName="ReactModalPortal"
    role="dialog"
    shouldCloseOnEsc={true}
    shouldCloseOnOverlayClick={true}
    shouldFocusAfterRender={true}
    shouldReturnFocusAfterClose={true}
  >
    <h3
      className="modal__title"
    >
      Remove Expense
    </h3>
    <p
      className="modal__body"
    >
      Are you sure you want to remove 
      Coffee
      ?
    </p>
    <button
      className="button--remove"
      onClick={[Function]}
    >
      Yes
    </button>
    <button
      className="button button--secondary"
      onClick={[Function]}
    >
      No
    </button>
  </Modal>
</div>
`;
