// Jest Snapshot v1, https://goo.gl/fbAQLP

exports[`should correctly render ResetPasswordPage 1`] = `
<div
  className="box-layout"
>
  <div
    className="box-layout__box"
  >
    <h1
      className="box-layout__title"
    >
      Expensify
    </h1>
    <h3
      className="box-layout__subtitle"
    >
      Reset Password
    </h3>
    <form
      className="form"
      id="resetPasswordForm"
      onSubmit={[Function]}
    >
      <input
        autoFocus={true}
        className="text-input"
        onChange={[Function]}
        placeholder="Email"
        type="text"
        value=""
      />
      <div>
        <button
          className="button"
        >
          Reset
        </button>
      </div>
    </form>
    <Link
      className="button button-text button--link"
      replace={false}
      to="/"
    >
      Sign In
    </Link>
  </div>
</div>
`;
