// Jest Snapshot v1, https://goo.gl/fbAQLP

exports[`should correctly render SignUpPage 1`] = `
<div
  className="box-layout"
>
  <div
    className="box-layout__box"
  >
    <h1
      className="box-layout__title"
    >
      Expensify
    </h1>
    <h3
      className="box-layout__subtitle"
    >
      Sign Up
    </h3>
    <form
      className="form"
      id="signUpForm"
      onSubmit={[Function]}
    >
      <input
        autoFocus={true}
        className="text-input"
        onChange={[Function]}
        placeholder="Full Name"
        type="text"
        value=""
      />
      <input
        autoFocus={true}
        className="text-input"
        onChange={[Function]}
        placeholder="Email"
        type="text"
        value=""
      />
      <input
        autoFocus={true}
        className="text-input"
        onChange={[Function]}
        placeholder="Password"
        type="password"
        value=""
      />
      <input
        autoFocus={true}
        className="text-input"
        onChange={[Function]}
        placeholder="Confirm Password"
        type="password"
        value=""
      />
      <div>
        <button
          className="button"
        >
          Sign Up
        </button>
      </div>
    </form>
    <Link
      className="button button-text button--link"
      replace={false}
      to="/"
    >
      Already a user? Sign In
    </Link>
  </div>
</div>
`;
